[backblue.gif]
[fade.gif]
[index.html]
[cdnjs.cloudflare.com/ajax/libs/font-awesome/4.7.0/css/font-awesome.min.css]
[tradeonline.herokuapp.com/sniper/image/mood/mood001.jpg]
[tradeonline.herokuapp.com/sniper/image/favicon.png]
[ajax.googleapis.com/ajax/libs/jquery/3.4.1/jquery.min.js]
[ajax.googleapis.com/ajax/libs/jquery/2.2.4/jquery.min.js]
[tradeonline.herokuapp.com/sniper/image/binarycom.png]
[tradeonline.herokuapp.com/sniper/image/step1.png]
[tradeonline.herokuapp.com/sniper/image/checked.png]
[tradeonline.herokuapp.com/sniper/image/step2.png]
[tradeonline.herokuapp.com/sniper/image/step3.png]
[tradeonline.herokuapp.com/sniper/image/pageLoader.gif]
[tradeonline.herokuapp.com/sniper/image/tooltips.png]
[tradeonline.herokuapp.com/sniper/image/mood/mood001_thumb.jpg]
[tradeonline.herokuapp.com/sniper/image/mood/mood002_thumb.jpg]
[tradeonline.herokuapp.com/sniper/image/mood/mood003_thumb.jpg]
[tradeonline.herokuapp.com/sniper/image/mood/mood004_thumb.jpg]
[tradeonline.herokuapp.com/sniper/image/mood/mood005_thumb.jpg]
[tradeonline.herokuapp.com/sniper/image/mood/mood006_thumb.jpg]
[tradeonline.herokuapp.com/sniper/js/jquery.min.js]
[tradeonline.herokuapp.com/sniper/js/jquery.modal.min.js]
[tradeonline.herokuapp.com/sniper/js/jquery-3.3.1.slim.min.js]
[tradeonline.herokuapp.com/sniper/js/jquery.tabletocsv.js]
[tradeonline.herokuapp.com/sniper/index.html]
[cdnjs.cloudflare.com/ajax/libs/font-awesome/4.7.0/css/font-awesome.min.css]
[tradeonline.herokuapp.com/sniper/css/ezbinbot.css]
[tradeonline.herokuapp.com/sniper/mood001.html]
[tradeonline.herokuapp.com/sniper/mood002.html]
[tradeonline.herokuapp.com/sniper/mood003.html]
[tradeonline.herokuapp.com/sniper/mood004.html]
[tradeonline.herokuapp.com/sniper/mood005.html]
[tradeonline.herokuapp.com/sniper/mood006.html]
[tradeonline.herokuapp.com/sniper/css/jquery.modal.min.css]
